// Jest Snapshot v1, https://goo.gl/fbAQLP

exports[`TaskTree render 1`] = `
"  ✖ Task1: Fail
  ⚠ Warn 2
  ℹ Log 2
  → ✔ Task2
    ⚠ Warn 1
    ℹ Log 1
    → ↓ Task3 [skip]
      ⚠ Warn 0
      ℹ Log 0"
`;

exports[`TaskTree render 2`] = `
"  ✖ Task1: Fail
  ⚠ Warn 2
  ℹ Log 2
  → ✔ Task2
    ⚠ Warn 1
    ℹ Log 1
    → ↓ Task3 [skip]
      ⚠ Warn 0
      ℹ Log 0"
`;

exports[`TaskTree render 3`] = `""`;
