// Jest Snapshot v1, https://goo.gl/fbAQLP

exports[`Task Progress bar 1`] = `
"  + task
  â€º ******************** 100% 0.0s"
`;

exports[`Task Subtasks Clear subtask 1`] = `"  + task"`;
